<div class="problem" aria-live="polite">
    <div class="problem-question">
        <p class="problem-description" id="p1_q1_d1">Checkbox problems allow learners to select multiple options. Learners can see all the options along with the problem text.</p>
        <p class="problem-description" id="p1_q1_d2">When you add the component, be sure to select <strong>Settings</strong> to specify a <strong>Display Name</strong> and other values that apply.</p>
        <p class="problem-description" id="p1_q1_d3">You can use the following example problem as a model.</p>
        <form class="choiceresponse capa_inputtype" id="inputtype_09c4fb7d5ea742a281b235b92a269867_2_1">
            <fieldset class="choicegroup problem-fieldset" role="checkboxgroup">
                <legend class="problem-fieldset-legend" aria-describedby="p1_q1_d1 p1_q1_d2 p1_q1_d3 p1_q1_d4">The following languages are in the Indo-European family:</legend>
                <label class="problem-label">
                    <input class="input-type input-checkbox" type="checkbox" name="input_09c4fb7d5ea742a281b235b92a269867_2_1[]" id="input_09c4fb7d5ea742a281b235b92a269867_2_1_choice_0" aria-role="radio" aria-describedby="answer_09c4fb7d5ea742a281b235b92a269867_2_1" value="choice_0" aria-multiselectable="true"> Urdu
                </label>
                <label class="problem-label">
                    <input class="input-type input-checkbox" type="checkbox" name="input_09c4fb7d5ea742a281b235b92a269867_2_1[]" id="input_09c4fb7d5ea742a281b235b92a269867_2_1_choice_1" aria-role="radio" aria-describedby="answer_09c4fb7d5ea742a281b235b92a269867_2_1" value="choice_1" aria-multiselectable="true"> Finnish
                </label>
                <label class="problem-label">
                    <input class="input-type input-checkbox" type="checkbox" name="input_09c4fb7d5ea742a281b235b92a269867_2_1[]" id="input_09c4fb7d5ea742a281b235b92a269867_2_1_choice_2" aria-role="radio" aria-describedby="answer_09c4fb7d5ea742a281b235b92a269867_2_1" value="choice_2" aria-multiselectable="true"> Marathi
                </label>
                <label class="problem-label">
                    <input class="input-type input-checkbox" type="checkbox" name="input_09c4fb7d5ea742a281b235b92a269867_2_1[]" id="input_09c4fb7d5ea742a281b235b92a269867_2_1_choice_3" aria-role="radio" aria-describedby="answer_09c4fb7d5ea742a281b235b92a269867_2_1" value="choice_3" aria-multiselectable="true"> French
                </label>
                <label class="problem-label">
                    <input class="input-type input-checkbox" type="checkbox" name="input_09c4fb7d5ea742a281b235b92a269867_2_1[]" id="input_09c4fb7d5ea742a281b235b92a269867_2_1_choice_4" aria-role="radio" aria-describedby="answer_09c4fb7d5ea742a281b235b92a269867_2_1" value="choice_4" aria-multiselectable="true"> Hungarian
                </label>
            </fieldset>
        </form>
        <p class="problem-description" id="p1_q1_d4">Make sure you select all of the correct optionsâ€”there may be more than one!</p>
    </div>
    <div class="problem-answer" id="answer_09c4fb7d5ea742a281b235b92a269867_2_1"></div>
    <div class="problem-status">
        <span class="status unanswered" id="status_09c4fb7d5ea742a281b235b92a269867_2_1" aria-describedby="inputtype_09c4fb7d5ea742a281b235b92a269867_2_1" data-tooltip="This is unanswered.">
            <span class="sr">Unanswered</span>
        </span>
    </div>
    <div class="problem-solution" id="solution_09c4fb7d5ea742a281b235b92a269867_solution_1">
        <h4 class="solution-title">Explanation</h4>
        <p class="solution-description">Urdu, Marathi, and French are all Indo-European languages, while Finnish and Hungarian are in the Uralic family.</p>
    </div>
    <div class="problem-actions">
        <input type="hidden" name="problem_id" value="Checkboxes">
        <button class="check Check" data-checking="Checking..." data-value="Check">
            <span class="check-label">Check</span>
            <span class="sr"> your answer</span>
        </button>
        <button class="show">
            <span class="sr">Toggle Answer Visibility</span>
            <span class="show-label">Show Answer</span>
        </button>
    </div>
</div>
